// Jest Snapshot v1, https://goo.gl/fbAQLP

exports[`<MultipleCustomHooks /> should show correctly 1`] = `
<div>
  <h2>
    CustomHooks
  </h2>
  <h3>
    BrakingBad Quotes
  </h3>
  <hr />
  <div
    className="alert alert-info text-center"
  >
    loading...
  </div>
  <button
    className="btn btn-primary"
    onClick={[Function]}
  >
    Siguiente frase
  </button>
</div>
`;
