// Jest Snapshot v1, https://goo.gl/fbAQLP

exports[`<RealExampleRef /> should show correctly 1`] = `
<div>
  <h2>
    RealExampleRef
  </h2>
  <hr />
  <button
    className="btn btn-primary mt-5"
    onClick={[Function]}
  >
    Show/Hide
  </button>
</div>
`;
