// Jest Snapshot v1, https://goo.gl/fbAQLP

exports[`<App /> should show correctly 1`] = `
<Fragment>
  <UseState />
  <UseEffect />
  <Examples />
  <UseRef />
  <UseLayoutEffect />
  <Memos />
  <Padre />
  <TodoApp />
  <br />
  <br />
  <br />
  <MainApp />
</Fragment>
`;
