// Jest Snapshot v1, https://goo.gl/fbAQLP

exports[`<HomeScreen /> should show correctly 1`] = `
<div>
  <h1>
    HomeScreen
  </h1>
  <hr />
  <pre>
    {
   "name": "Leonardo",
   "email": "leonardo@gmail.com"
}
  </pre>
</div>
`;
